1,"{""wkb"":""AQEAAAAAAAAAAADwPwAAAAAAAPA/"",""srid"":null}",,r,false,0
2,"{""wkb"":""AQIAAAACAAAAAAAAAAAAAEAAAAAAAADwPwAAAAAAABhAAAAAAAAAGEA="",""srid"":null}",,r,false,1
3,"{""wkb"":""AQMAAAABAAAABQAAAAAAAAAAAAAAAAAAAAAAFEAAAAAAAAAAQAAAAAAAABRAAAAAAAAAAEAAAAAAAAAcQAAAAAAAAAAAAAAAAAAAHEAAAAAAAAAAAAAAAAAAABRA"",""srid"":null}",,r,false,2
