101,3,r,false,0
102,8,r,false,1
103,18,r,false,2
104,4,r,false,3
105,5,r,false,4
106,0,r,false,5
107,44,r,false,6
108,2,r,false,7
109,5,r,false,8
