10001,2016-01-16,1001,1,102,r,false,0
10002,2016-01-17,1002,2,105,r,false,1
10003,2016-02-19,1002,2,106,r,false,2
10004,2016-02-21,1003,1,107,r,false,3
