104,hammer,12oz carpenter's hammer,0.75,r,false,0
105,hammer,14oz carpenter's hammer,0.875,r,false,1
106,hammer,16oz carpenter's hammer,1.0,r,false,2
107,rocks,box of assorted rocks,5.3,r,false,3
108,jacket,water resistent black wind breaker,0.1,r,false,4
109,spare tire,24 inch spare tire,22.2,r,false,5
