,,"SET character_set_server=latin1, collation_server=latin1_swedish_ci",[],0
inventory,,DROP TABLE IF EXISTS `inventory`.`products`,"[{""type"":""DROP"",""id"":""\""inventory\"".\""products\"""",""table"":null}]",1
inventory,,DROP TABLE IF EXISTS `inventory`.`debezium_signals`,"[{""type"":""DROP"",""id"":""\""inventory\"".\""debezium_signals\"""",""table"":null}]",2
inventory,,DROP DATABASE IF EXISTS `inventory`,[],3
inventory,,CREATE DATABASE `inventory` CHARSET latin1 COLLATE latin1_swedish_ci,[],4
inventory,,USE `inventory`,[],5
inventory,,"CREATE TABLE `products` (
  `id` int(11) NOT NULL AUTO_INCREMENT,
  `name` varchar(255) NOT NULL,
  `description` varchar(512) DEFAULT NULL,
  `weight` double DEFAULT NULL,
  PRIMARY KEY (`id`)
) ENGINE=InnoDB AUTO_INCREMENT=110 DEFAULT CHARSET=latin1","[{""type"":""CREATE"",""id"":""\""inventory\"".\""products\"""",""table"":{""defaultCharsetName"":""latin1"",""primaryKeyColumnNames"":[""id""],""columns"":[{""name"":""id"",""jdbcType"":4,""nativeType"":null,""typeName"":""INT"",""typeExpression"":""INT"",""charsetName"":null,""length"":11,""scale"":null,""position"":1,""optional"":false,""autoIncremented"":true,""generated"":true,""comment"":null,""defaultValueExpression"":null,""enumValues"":null},{""name"":""name"",""jdbcType"":12,""nativeType"":null,""typeName"":""VARCHAR"",""typeExpression"":""VARCHAR"",""charsetName"":""latin1"",""length"":255,""scale"":null,""position"":2,""optional"":false,""autoIncremented"":false,""generated"":false,""comment"":null,""defaultValueExpression"":null,""enumValues"":null},{""name"":""description"",""jdbcType"":12,""nativeType"":null,""typeName"":""VARCHAR"",""typeExpression"":""VARCHAR"",""charsetName"":""latin1"",""length"":512,""scale"":null,""position"":3,""optional"":true,""autoIncremented"":false,""generated"":false,""comment"":null,""defaultValueExpression"":null,""enumValues"":null},{""name"":""weight"",""jdbcType"":8,""nativeType"":null,""typeName"":""DOUBLE"",""typeExpression"":""DOUBLE"",""charsetName"":null,""length"":null,""scale"":null,""position"":4,""optional"":true,""autoIncremented"":false,""generated"":false,""comment"":null,""defaultValueExpression"":null,""enumValues"":null}],""comment"":null}}]",6
inventory,,"CREATE TABLE `debezium_signals` (
  `id` varchar(255) NOT NULL,
  `type` varchar(32) NOT NULL,
  `data` varchar(2048) DEFAULT NULL,
  PRIMARY KEY (`id`)
) ENGINE=InnoDB DEFAULT CHARSET=latin1","[{""type"":""CREATE"",""id"":""\""inventory\"".\""debezium_signals\"""",""table"":{""defaultCharsetName"":""latin1"",""primaryKeyColumnNames"":[""id""],""columns"":[{""name"":""id"",""jdbcType"":12,""nativeType"":null,""typeName"":""VARCHAR"",""typeExpression"":""VARCHAR"",""charsetName"":""latin1"",""length"":255,""scale"":null,""position"":1,""optional"":false,""autoIncremented"":false,""generated"":false,""comment"":null,""defaultValueExpression"":null,""enumValues"":null},{""name"":""type"",""jdbcType"":12,""nativeType"":null,""typeName"":""VARCHAR"",""typeExpression"":""VARCHAR"",""charsetName"":""latin1"",""length"":32,""scale"":null,""position"":2,""optional"":false,""autoIncremented"":false,""generated"":false,""comment"":null,""defaultValueExpression"":null,""enumValues"":null},{""name"":""data"",""jdbcType"":12,""nativeType"":null,""typeName"":""VARCHAR"",""typeExpression"":""VARCHAR"",""charsetName"":""latin1"",""length"":2048,""scale"":null,""position"":3,""optional"":true,""autoIncremented"":false,""generated"":false,""comment"":null,""defaultValueExpression"":null,""enumValues"":null}],""comment"":null}}]",7
