FREEPDB1,TESTUSER01,"
  CREATE TABLE ""TESTUSER01"".""SALES"" 
   (	""USERGENDER"" VARCHAR2(4000) COLLATE ""USING_NLS_COMP"", 
	""USERCITY"" VARCHAR2(4000) COLLATE ""USING_NLS_COMP"", 
	""USERSENTIMENT"" NUMBER, 
	""ZIPCODE"" VARCHAR2(4000) COLLATE ""USING_NLS_COMP"", 
	""SKU"" VARCHAR2(4000) COLLATE ""USING_NLS_COMP"", 
	""CREATEDATE"" VARCHAR2(64) COLLATE ""USING_NLS_COMP"" NOT NULL ENABLE, 
	""CATEGORY"" VARCHAR2(4000) COLLATE ""USING_NLS_COMP"", 
	""PRICE"" NUMBER(12,5), 
	""COUNTRY"" VARCHAR2(4000) COLLATE ""USING_NLS_COMP"", 
	""COUNTRYCODE"" VARCHAR2(4000) COLLATE ""USING_NLS_COMP"", 
	""USERSTATE"" VARCHAR2(4000) COLLATE ""USING_NLS_COMP"", 
	""CATEGORYGROUP"" VARCHAR2(4000) COLLATE ""USING_NLS_COMP"", 
	 PRIMARY KEY (""CREATEDATE"")
  USING INDEX  ENABLE, 
	 SUPPLEMENTAL LOG DATA (ALL) COLUMNS
   )  DEFAULT COLLATION ""USING_NLS_COMP"" ;","[{""type"":""CREATE"",""id"":""\""FREEPDB1\"".\""TESTUSER01\"".\""SALES\"""",""table"":{""defaultCharsetName"":null,""primaryKeyColumnNames"":[""CREATEDATE""],""columns"":[{""name"":""USERGENDER"",""jdbcType"":12,""nativeType"":null,""typeName"":""VARCHAR2"",""typeExpression"":""VARCHAR2"",""charsetName"":null,""length"":4000,""scale"":null,""position"":1,""optional"":true,""autoIncremented"":false,""generated"":false,""comment"":null,""defaultValueExpression"":null,""enumValues"":null},{""name"":""USERCITY"",""jdbcType"":12,""nativeType"":null,""typeName"":""VARCHAR2"",""typeExpression"":""VARCHAR2"",""charsetName"":null,""length"":4000,""scale"":null,""position"":2,""optional"":true,""autoIncremented"":false,""generated"":false,""comment"":null,""defaultValueExpression"":null,""enumValues"":null},{""name"":""USERSENTIMENT"",""jdbcType"":2,""nativeType"":null,""typeName"":""NUMBER"",""typeExpression"":""NUMBER"",""charsetName"":null,""length"":0,""scale"":null,""position"":3,""optional"":true,""autoIncremented"":false,""generated"":false,""comment"":null,""defaultValueExpression"":null,""enumValues"":null},{""name"":""ZIPCODE"",""jdbcType"":12,""nativeType"":null,""typeName"":""VARCHAR2"",""typeExpression"":""VARCHAR2"",""charsetName"":null,""length"":4000,""scale"":null,""position"":4,""optional"":true,""autoIncremented"":false,""generated"":false,""comment"":null,""defaultValueExpression"":null,""enumValues"":null},{""name"":""SKU"",""jdbcType"":12,""nativeType"":null,""typeName"":""VARCHAR2"",""typeExpression"":""VARCHAR2"",""charsetName"":null,""length"":4000,""scale"":null,""position"":5,""optional"":true,""autoIncremented"":false,""generated"":false,""comment"":null,""defaultValueExpression"":null,""enumValues"":null},{""name"":""CREATEDATE"",""jdbcType"":12,""nativeType"":null,""typeName"":""VARCHAR2"",""typeExpression"":""VARCHAR2"",""charsetName"":null,""length"":64,""scale"":null,""position"":6,""optional"":false,""autoIncremented"":false,""generated"":false,""comment"":null,""defaultValueExpression"":null,""enumValues"":null},{""name"":""CATEGORY"",""jdbcType"":12,""nativeType"":null,""typeName"":""VARCHAR2"",""typeExpression"":""VARCHAR2"",""charsetName"":null,""length"":4000,""scale"":null,""position"":7,""optional"":true,""autoIncremented"":false,""generated"":false,""comment"":null,""defaultValueExpression"":null,""enumValues"":null},{""name"":""PRICE"",""jdbcType"":2,""nativeType"":null,""typeName"":""NUMBER"",""typeExpression"":""NUMBER"",""charsetName"":null,""length"":12,""scale"":5,""position"":8,""optional"":true,""autoIncremented"":false,""generated"":false,""comment"":null,""defaultValueExpression"":null,""enumValues"":null},{""name"":""COUNTRY"",""jdbcType"":12,""nativeType"":null,""typeName"":""VARCHAR2"",""typeExpression"":""VARCHAR2"",""charsetName"":null,""length"":4000,""scale"":null,""position"":9,""optional"":true,""autoIncremented"":false,""generated"":false,""comment"":null,""defaultValueExpression"":null,""enumValues"":null},{""name"":""COUNTRYCODE"",""jdbcType"":12,""nativeType"":null,""typeName"":""VARCHAR2"",""typeExpression"":""VARCHAR2"",""charsetName"":null,""length"":4000,""scale"":null,""position"":10,""optional"":true,""autoIncremented"":false,""generated"":false,""comment"":null,""defaultValueExpression"":null,""enumValues"":null},{""name"":""USERSTATE"",""jdbcType"":12,""nativeType"":null,""typeName"":""VARCHAR2"",""typeExpression"":""VARCHAR2"",""charsetName"":null,""length"":4000,""scale"":null,""position"":11,""optional"":true,""autoIncremented"":false,""generated"":false,""comment"":null,""defaultValueExpression"":null,""enumValues"":null},{""name"":""CATEGORYGROUP"",""jdbcType"":12,""nativeType"":null,""typeName"":""VARCHAR2"",""typeExpression"":""VARCHAR2"",""charsetName"":null,""length"":4000,""scale"":null,""position"":12,""optional"":true,""autoIncremented"":false,""generated"":false,""comment"":null,""defaultValueExpression"":null,""enumValues"":null}],""comment"":null}}]",0
