10001,SKU10,2023-01-01,Electronics,199.99000,New York,NY,Electronics,c,false,0
90001,SKU20,2023-01-02,Books,14.99000,Los Angeles,CA,Books,c,false,1
39153,SKU1,2013-09-23 22:38:29,Cameras,249.99000,Smith,28129,Electronics,u,false,2
89124,SKU2,2013-09-23 22:38:30,Televisions,1546.00000,Clark,32003,Electronics,d,true,3
