execute-snapshot,"{""type"": ""BLOCKING"", ""data-collections"": [""inventory.products""]}",c,false
