,,"SET character_set_server=utf8mb4, collation_server=utf8mb4_general_ci",[],0
inventory,,DROP TABLE IF EXISTS `inventory`.`sales`,"[{""type"":""DROP"",""id"":""\""inventory\"".\""sales\"""",""table"":null}]",1
inventory,,DROP TABLE IF EXISTS `inventory`.`debezium_signals`,"[{""type"":""DROP"",""id"":""\""inventory\"".\""debezium_signals\"""",""table"":null}]",2
inventory,,DROP DATABASE IF EXISTS `inventory`,[],3
inventory,,CREATE DATABASE `inventory` CHARSET utf8mb4 COLLATE utf8mb4_general_ci,[],4
inventory,,USE `inventory`,[],5
inventory,,"CREATE TABLE `sales` (
  `usergender` mediumtext DEFAULT NULL,
  `usercity` mediumtext DEFAULT NULL,
  `usersentiment` int(11) DEFAULT NULL,
  `zipcode` mediumtext DEFAULT NULL,
  `sku` mediumtext DEFAULT NULL,
  `createdate` varchar(64) NOT NULL,
  `category` mediumtext DEFAULT NULL,
  `price` decimal(12,5) DEFAULT NULL,
  `county` mediumtext DEFAULT NULL,
  `countycode` mediumtext DEFAULT NULL,
  `userstate` mediumtext DEFAULT NULL,
  `categorygroup` mediumtext DEFAULT NULL,
  PRIMARY KEY (`createdate`)
) ENGINE=InnoDB DEFAULT CHARSET=utf8mb4 COLLATE=utf8mb4_general_ci","[{""type"":""CREATE"",""id"":""\""inventory\"".\""sales\"""",""table"":{""defaultCharsetName"":""utf8mb4"",""primaryKeyColumnNames"":[""createdate""],""columns"":[{""name"":""usergender"",""jdbcType"":12,""nativeType"":null,""typeName"":""MEDIUMTEXT"",""typeExpression"":""MEDIUMTEXT"",""charsetName"":""utf8mb4"",""length"":null,""scale"":null,""position"":1,""optional"":true,""autoIncremented"":false,""generated"":false,""comment"":null,""defaultValueExpression"":null,""enumValues"":null},{""name"":""usercity"",""jdbcType"":12,""nativeType"":null,""typeName"":""MEDIUMTEXT"",""typeExpression"":""MEDIUMTEXT"",""charsetName"":""utf8mb4"",""length"":null,""scale"":null,""position"":2,""optional"":true,""autoIncremented"":false,""generated"":false,""comment"":null,""defaultValueExpression"":null,""enumValues"":null},{""name"":""usersentiment"",""jdbcType"":4,""nativeType"":null,""typeName"":""INT"",""typeExpression"":""INT"",""charsetName"":null,""length"":11,""scale"":null,""position"":3,""optional"":true,""autoIncremented"":false,""generated"":false,""comment"":null,""defaultValueExpression"":null,""enumValues"":null},{""name"":""zipcode"",""jdbcType"":12,""nativeType"":null,""typeName"":""MEDIUMTEXT"",""typeExpression"":""MEDIUMTEXT"",""charsetName"":""utf8mb4"",""length"":null,""scale"":null,""position"":4,""optional"":true,""autoIncremented"":false,""generated"":false,""comment"":null,""defaultValueExpression"":null,""enumValues"":null},{""name"":""sku"",""jdbcType"":12,""nativeType"":null,""typeName"":""MEDIUMTEXT"",""typeExpression"":""MEDIUMTEXT"",""charsetName"":""utf8mb4"",""length"":null,""scale"":null,""position"":5,""optional"":true,""autoIncremented"":false,""generated"":false,""comment"":null,""defaultValueExpression"":null,""enumValues"":null},{""name"":""createdate"",""jdbcType"":12,""nativeType"":null,""typeName"":""VARCHAR"",""typeExpression"":""VARCHAR"",""charsetName"":""utf8mb4"",""length"":64,""scale"":null,""position"":6,""optional"":false,""autoIncremented"":false,""generated"":false,""comment"":null,""defaultValueExpression"":null,""enumValues"":null},{""name"":""category"",""jdbcType"":12,""nativeType"":null,""typeName"":""MEDIUMTEXT"",""typeExpression"":""MEDIUMTEXT"",""charsetName"":""utf8mb4"",""length"":null,""scale"":null,""position"":7,""optional"":true,""autoIncremented"":false,""generated"":false,""comment"":null,""defaultValueExpression"":null,""enumValues"":null},{""name"":""price"",""jdbcType"":3,""nativeType"":null,""typeName"":""DECIMAL"",""typeExpression"":""DECIMAL"",""charsetName"":null,""length"":12,""scale"":5,""position"":8,""optional"":true,""autoIncremented"":false,""generated"":false,""comment"":null,""defaultValueExpression"":null,""enumValues"":null},{""name"":""county"",""jdbcType"":12,""nativeType"":null,""typeName"":""MEDIUMTEXT"",""typeExpression"":""MEDIUMTEXT"",""charsetName"":""utf8mb4"",""length"":null,""scale"":null,""position"":9,""optional"":true,""autoIncremented"":false,""generated"":false,""comment"":null,""defaultValueExpression"":null,""enumValues"":null},{""name"":""countycode"",""jdbcType"":12,""nativeType"":null,""typeName"":""MEDIUMTEXT"",""typeExpression"":""MEDIUMTEXT"",""charsetName"":""utf8mb4"",""length"":null,""scale"":null,""position"":10,""optional"":true,""autoIncremented"":false,""generated"":false,""comment"":null,""defaultValueExpression"":null,""enumValues"":null},{""name"":""userstate"",""jdbcType"":12,""nativeType"":null,""typeName"":""MEDIUMTEXT"",""typeExpression"":""MEDIUMTEXT"",""charsetName"":""utf8mb4"",""length"":null,""scale"":null,""position"":11,""optional"":true,""autoIncremented"":false,""generated"":false,""comment"":null,""defaultValueExpression"":null,""enumValues"":null},{""name"":""categorygroup"",""jdbcType"":12,""nativeType"":null,""typeName"":""MEDIUMTEXT"",""typeExpression"":""MEDIUMTEXT"",""charsetName"":""utf8mb4"",""length"":null,""scale"":null,""position"":12,""optional"":true,""autoIncremented"":false,""generated"":false,""comment"":null,""defaultValueExpression"":null,""enumValues"":null}],""comment"":null}}]",6
inventory,,"CREATE TABLE `debezium_signals` (
  `id` varchar(255) NOT NULL,
  `type` varchar(32) NOT NULL,
  `data` varchar(2048) DEFAULT NULL,
  PRIMARY KEY (`id`)
) ENGINE=InnoDB DEFAULT CHARSET=utf8mb4 COLLATE=utf8mb4_general_ci","[{""type"":""CREATE"",""id"":""\""inventory\"".\""debezium_signals\"""",""table"":{""defaultCharsetName"":""utf8mb4"",""primaryKeyColumnNames"":[""id""],""columns"":[{""name"":""id"",""jdbcType"":12,""nativeType"":null,""typeName"":""VARCHAR"",""typeExpression"":""VARCHAR"",""charsetName"":""utf8mb4"",""length"":255,""scale"":null,""position"":1,""optional"":false,""autoIncremented"":false,""generated"":false,""comment"":null,""defaultValueExpression"":null,""enumValues"":null},{""name"":""type"",""jdbcType"":12,""nativeType"":null,""typeName"":""VARCHAR"",""typeExpression"":""VARCHAR"",""charsetName"":""utf8mb4"",""length"":32,""scale"":null,""position"":2,""optional"":false,""autoIncremented"":false,""generated"":false,""comment"":null,""defaultValueExpression"":null,""enumValues"":null},{""name"":""data"",""jdbcType"":12,""nativeType"":null,""typeName"":""VARCHAR"",""typeExpression"":""VARCHAR"",""charsetName"":""utf8mb4"",""length"":2048,""scale"":null,""position"":3,""optional"":true,""autoIncremented"":false,""generated"":false,""comment"":null,""defaultValueExpression"":null,""enumValues"":null}],""comment"":null}}]",7
