Male,New York,1,10001,SKU1,2023-01-01,Electronics,349.99000,New York,NY,NY,Electronics,u,false
Female,Mize,-1,39153,SKU1,2013-09-23 22:38:29,Cameras,349.99000,Smith,28129,Mississippi,Electronics,u,false
Male,The Lakes,1,89124,SKU2,2013-09-23 22:38:30,Televisions,29.99000,Clark,32003,Nevada,Electronics,u,false
Female,Los Angeles,5,90001,SKU2,2023-01-02,Books,29.99000,Los Angeles,CA,CA,Books,u,false
,,,,,2023-01-03,,,,,,,d,true
