FREEPDB1,TESTUSER01,"CREATE TABLE ""TESTUSER01"".""USERS""
(
    NAME    VARCHAR2(50) PRIMARY KEY,
    GENDER      VARCHAR2(1)
)","[{""type"":""CREATE"",""id"":""\""FREEPDB1\"".\""TESTUSER01\"".\""USERS\"""",""table"":{""defaultCharsetName"":null,""primaryKeyColumnNames"":[""NAME""],""columns"":[{""name"":""NAME"",""jdbcType"":12,""nativeType"":null,""typeName"":""VARCHAR2"",""typeExpression"":""VARCHAR2"",""charsetName"":null,""length"":50,""scale"":null,""position"":1,""optional"":true,""autoIncremented"":false,""generated"":false,""comment"":null,""defaultValueExpression"":null,""enumValues"":null},{""name"":""GENDER"",""jdbcType"":12,""nativeType"":null,""typeName"":""VARCHAR2"",""typeExpression"":""VARCHAR2"",""charsetName"":null,""length"":1,""scale"":null,""position"":2,""optional"":true,""autoIncremented"":false,""generated"":false,""comment"":null,""defaultValueExpression"":null,""enumValues"":null}],""comment"":null}}]",4
FREEPDB1,TESTUSER01,ALTER TABLE TESTUSER01.USERS ADD SUPPLEMENTAL LOG DATA (ALL) COLUMNS,"[{""type"":""ALTER"",""id"":""\""FREEPDB1\"".\""TESTUSER01\"".\""USERS\"""",""table"":{""defaultCharsetName"":null,""primaryKeyColumnNames"":[""NAME""],""columns"":[{""name"":""NAME"",""jdbcType"":12,""nativeType"":null,""typeName"":""VARCHAR2"",""typeExpression"":""VARCHAR2"",""charsetName"":null,""length"":50,""scale"":null,""position"":1,""optional"":true,""autoIncremented"":false,""generated"":false,""comment"":null,""defaultValueExpression"":null,""enumValues"":null},{""name"":""GENDER"",""jdbcType"":12,""nativeType"":null,""typeName"":""VARCHAR2"",""typeExpression"":""VARCHAR2"",""charsetName"":null,""length"":1,""scale"":null,""position"":2,""optional"":true,""autoIncremented"":false,""generated"":false,""comment"":null,""defaultValueExpression"":null,""enumValues"":null}],""comment"":null}}]",5
