3,3,4,5,6,7.00,8.00,9.0,10.0,11,12,13,14.00,c         ,d         ,e,f,g,3q2+7w==,2006-12-21 12:25:56,2006-12-21 08:25:56+00,2006-12-21,44756000,08:25:56Z,105646028000000,true,"{""x"":3.0,""y"":3.0,""wkb"":""AQEAAAAAAAAAAAAIQAAAAAAAAAhA"",""srid"":null}",192.168.3.0/24,192.168.3.3,08:00:2b:03:04:05,08:00:2b:03:04:05:06:07,gAM=,gAM=,123e4567-e89b-12d3-a456-426614174000,<baz>qux</baz>,"{""key2"": ""value2""}","{""key2"": ""value2""}","[3,4,5]","[3,12)",c,false,0
2,0,3,4,5,6.00,7.00,8.0,9.0,10,11,12,13.00,b         ,c         ,d,e,f,3q2+7w==,2005-11-20 11:24:55,2005-11-20 08:24:55+00,2005-11-20,41095000,08:24:55Z,71368567000000,false,"{""x"":2.0,""y"":2.0,""wkb"":""AQEAAAAAAAAAAAAAQAAAAAAAAABA"",""srid"":null}",192.168.2.0/24,192.168.2.2,08:00:2b:02:03:04,08:00:2b:02:03:04:05:06,AAM=,AAM=,b1ffbc99-9c0b-4ef8-bb6d-6bb9bd380a12,<bar>foo</bar>,"{""key1"": ""value1""}","{""key1"": ""value1""}","[2,3,4]","[2,11)",u,false,1
