inventory,,ALTER TABLE inventory.sales ADD COLUMN newcolumn VARCHAR(255) DEFAULT 'defaultvalue',"[{""type"":""ALTER"",""id"":""\""inventory\"".\""sales\"""",""table"":{""defaultCharsetName"":""utf8mb4"",""primaryKeyColumnNames"":[""createdate""],""columns"":[{""name"":""usergender"",""jdbcType"":12,""nativeType"":null,""typeName"":""MEDIUMTEXT"",""typeExpression"":""MEDIUMTEXT"",""charsetName"":""utf8mb4"",""length"":null,""scale"":null,""position"":1,""optional"":true,""autoIncremented"":false,""generated"":false,""comment"":null,""defaultValueExpression"":null,""enumValues"":null},{""name"":""usercity"",""jdbcType"":12,""nativeType"":null,""typeName"":""MEDIUMTEXT"",""typeExpression"":""MEDIUMTEXT"",""charsetName"":""utf8mb4"",""length"":null,""scale"":null,""position"":2,""optional"":true,""autoIncremented"":false,""generated"":false,""comment"":null,""defaultValueExpression"":null,""enumValues"":null},{""name"":""usersentiment"",""jdbcType"":4,""nativeType"":null,""typeName"":""INT"",""typeExpression"":""INT"",""charsetName"":null,""length"":null,""scale"":null,""position"":3,""optional"":true,""autoIncremented"":false,""generated"":false,""comment"":null,""defaultValueExpression"":null,""enumValues"":null},{""name"":""zipcode"",""jdbcType"":12,""nativeType"":null,""typeName"":""MEDIUMTEXT"",""typeExpression"":""MEDIUMTEXT"",""charsetName"":""utf8mb4"",""length"":null,""scale"":null,""position"":4,""optional"":true,""autoIncremented"":false,""generated"":false,""comment"":null,""defaultValueExpression"":null,""enumValues"":null},{""name"":""sku"",""jdbcType"":12,""nativeType"":null,""typeName"":""MEDIUMTEXT"",""typeExpression"":""MEDIUMTEXT"",""charsetName"":""utf8mb4"",""length"":null,""scale"":null,""position"":5,""optional"":true,""autoIncremented"":false,""generated"":false,""comment"":null,""defaultValueExpression"":null,""enumValues"":null},{""name"":""createdate"",""jdbcType"":12,""nativeType"":null,""typeName"":""VARCHAR"",""typeExpression"":""VARCHAR"",""charsetName"":""utf8mb4"",""length"":64,""scale"":null,""position"":6,""optional"":false,""autoIncremented"":false,""generated"":false,""comment"":null,""defaultValueExpression"":null,""enumValues"":null},{""name"":""category"",""jdbcType"":12,""nativeType"":null,""typeName"":""MEDIUMTEXT"",""typeExpression"":""MEDIUMTEXT"",""charsetName"":""utf8mb4"",""length"":null,""scale"":null,""position"":7,""optional"":true,""autoIncremented"":false,""generated"":false,""comment"":null,""defaultValueExpression"":null,""enumValues"":null},{""name"":""price"",""jdbcType"":3,""nativeType"":null,""typeName"":""DECIMAL"",""typeExpression"":""DECIMAL"",""charsetName"":null,""length"":12,""scale"":5,""position"":8,""optional"":true,""autoIncremented"":false,""generated"":false,""comment"":null,""defaultValueExpression"":null,""enumValues"":null},{""name"":""county"",""jdbcType"":12,""nativeType"":null,""typeName"":""MEDIUMTEXT"",""typeExpression"":""MEDIUMTEXT"",""charsetName"":""utf8mb4"",""length"":null,""scale"":null,""position"":9,""optional"":true,""autoIncremented"":false,""generated"":false,""comment"":null,""defaultValueExpression"":null,""enumValues"":null},{""name"":""countycode"",""jdbcType"":12,""nativeType"":null,""typeName"":""MEDIUMTEXT"",""typeExpression"":""MEDIUMTEXT"",""charsetName"":""utf8mb4"",""length"":null,""scale"":null,""position"":10,""optional"":true,""autoIncremented"":false,""generated"":false,""comment"":null,""defaultValueExpression"":null,""enumValues"":null},{""name"":""userstate"",""jdbcType"":12,""nativeType"":null,""typeName"":""MEDIUMTEXT"",""typeExpression"":""MEDIUMTEXT"",""charsetName"":""utf8mb4"",""length"":null,""scale"":null,""position"":11,""optional"":true,""autoIncremented"":false,""generated"":false,""comment"":null,""defaultValueExpression"":null,""enumValues"":null},{""name"":""categorygroup"",""jdbcType"":12,""nativeType"":null,""typeName"":""MEDIUMTEXT"",""typeExpression"":""MEDIUMTEXT"",""charsetName"":""utf8mb4"",""length"":null,""scale"":null,""position"":12,""optional"":true,""autoIncremented"":false,""generated"":false,""comment"":null,""defaultValueExpression"":null,""enumValues"":null},{""name"":""newcolumn"",""jdbcType"":12,""nativeType"":null,""typeName"":""VARCHAR"",""typeExpression"":""VARCHAR"",""charsetName"":""utf8mb4"",""length"":255,""scale"":null,""position"":13,""optional"":true,""autoIncremented"":false,""generated"":false,""comment"":null,""defaultValueExpression"":""defaultvalue"",""enumValues"":null}],""comment"":null}}]",0
inventory,,ALTER TABLE inventory.sales DROP COLUMN usercity,"[{""type"":""ALTER"",""id"":""\""inventory\"".\""sales\"""",""table"":{""defaultCharsetName"":""utf8mb4"",""primaryKeyColumnNames"":[""createdate""],""columns"":[{""name"":""usergender"",""jdbcType"":12,""nativeType"":null,""typeName"":""MEDIUMTEXT"",""typeExpression"":""MEDIUMTEXT"",""charsetName"":""utf8mb4"",""length"":null,""scale"":null,""position"":1,""optional"":true,""autoIncremented"":false,""generated"":false,""comment"":null,""defaultValueExpression"":null,""enumValues"":null},{""name"":""usersentiment"",""jdbcType"":4,""nativeType"":null,""typeName"":""INT"",""typeExpression"":""INT"",""charsetName"":null,""length"":null,""scale"":null,""position"":2,""optional"":true,""autoIncremented"":false,""generated"":false,""comment"":null,""defaultValueExpression"":null,""enumValues"":null},{""name"":""zipcode"",""jdbcType"":12,""nativeType"":null,""typeName"":""MEDIUMTEXT"",""typeExpression"":""MEDIUMTEXT"",""charsetName"":""utf8mb4"",""length"":null,""scale"":null,""position"":3,""optional"":true,""autoIncremented"":false,""generated"":false,""comment"":null,""defaultValueExpression"":null,""enumValues"":null},{""name"":""sku"",""jdbcType"":12,""nativeType"":null,""typeName"":""MEDIUMTEXT"",""typeExpression"":""MEDIUMTEXT"",""charsetName"":""utf8mb4"",""length"":null,""scale"":null,""position"":4,""optional"":true,""autoIncremented"":false,""generated"":false,""comment"":null,""defaultValueExpression"":null,""enumValues"":null},{""name"":""createdate"",""jdbcType"":12,""nativeType"":null,""typeName"":""VARCHAR"",""typeExpression"":""VARCHAR"",""charsetName"":""utf8mb4"",""length"":64,""scale"":null,""position"":5,""optional"":false,""autoIncremented"":false,""generated"":false,""comment"":null,""defaultValueExpression"":null,""enumValues"":null},{""name"":""category"",""jdbcType"":12,""nativeType"":null,""typeName"":""MEDIUMTEXT"",""typeExpression"":""MEDIUMTEXT"",""charsetName"":""utf8mb4"",""length"":null,""scale"":null,""position"":6,""optional"":true,""autoIncremented"":false,""generated"":false,""comment"":null,""defaultValueExpression"":null,""enumValues"":null},{""name"":""price"",""jdbcType"":3,""nativeType"":null,""typeName"":""DECIMAL"",""typeExpression"":""DECIMAL"",""charsetName"":null,""length"":12,""scale"":5,""position"":7,""optional"":true,""autoIncremented"":false,""generated"":false,""comment"":null,""defaultValueExpression"":null,""enumValues"":null},{""name"":""county"",""jdbcType"":12,""nativeType"":null,""typeName"":""MEDIUMTEXT"",""typeExpression"":""MEDIUMTEXT"",""charsetName"":""utf8mb4"",""length"":null,""scale"":null,""position"":8,""optional"":true,""autoIncremented"":false,""generated"":false,""comment"":null,""defaultValueExpression"":null,""enumValues"":null},{""name"":""countycode"",""jdbcType"":12,""nativeType"":null,""typeName"":""MEDIUMTEXT"",""typeExpression"":""MEDIUMTEXT"",""charsetName"":""utf8mb4"",""length"":null,""scale"":null,""position"":9,""optional"":true,""autoIncremented"":false,""generated"":false,""comment"":null,""defaultValueExpression"":null,""enumValues"":null},{""name"":""userstate"",""jdbcType"":12,""nativeType"":null,""typeName"":""MEDIUMTEXT"",""typeExpression"":""MEDIUMTEXT"",""charsetName"":""utf8mb4"",""length"":null,""scale"":null,""position"":10,""optional"":true,""autoIncremented"":false,""generated"":false,""comment"":null,""defaultValueExpression"":null,""enumValues"":null},{""name"":""categorygroup"",""jdbcType"":12,""nativeType"":null,""typeName"":""MEDIUMTEXT"",""typeExpression"":""MEDIUMTEXT"",""charsetName"":""utf8mb4"",""length"":null,""scale"":null,""position"":11,""optional"":true,""autoIncremented"":false,""generated"":false,""comment"":null,""defaultValueExpression"":null,""enumValues"":null},{""name"":""newcolumn"",""jdbcType"":12,""nativeType"":null,""typeName"":""VARCHAR"",""typeExpression"":""VARCHAR"",""charsetName"":""utf8mb4"",""length"":255,""scale"":null,""position"":12,""optional"":true,""autoIncremented"":false,""generated"":false,""comment"":null,""defaultValueExpression"":""defaultvalue"",""enumValues"":null}],""comment"":null}}]",1
