1001,Sally,Thomas,sally.thomas@acme.com,r,false,0
1002,George,Bailey,gbailey@foobar.com,r,false,1
1003,Edward,Walker,ed@walker.com,r,false,2
1004,Anne,Kretchmar,annek@noanswer.org,r,false,3
