Male,The Lakes,1,89124,SKU2,2013-09-23 22:38:30,Televisions,1546.00000,Clark,32003,Nevada,Electronics,r,false,0
Male,Baldwin,1,21020,ZD111483,2013-09-23 22:38:31,Loose Stones,1262.00000,Baltimore,24005,Maryland,Jewelry,r,false,1
Female,Archbald,1,18501,ZD111395,2013-09-23 22:38:32,Stereo,104.00000,Lackawanna,42069,Pennsylvania,Electronics,r,false,2
