Male,New York,1,10001,SKU10,2023-01-01,Electronics,199.99000,New York,NY,NY,Electronics,c,false
Female,Los Angeles,5,90001,SKU20,2023-01-02,Books,14.99000,Los Angeles,CA,CA,Books,c,false
Female,Mize,-1,39153,SKU1,2013-09-23 22:38:29,Cameras,249.99000,Smith,28129,Mississippi,Electronics,u,false
,,,,,2013-09-23 22:38:30,,,,,,,d,true
