[
   {
      "type":"int32",
      "optional":false,
      "default":"0",
      "field":"id",
      "orderEvent":false
   },
   {
      "type":"string",
      "optional":false,
      "field":"name",
      "orderEvent":false
   },
   {
      "type":"string",
      "optional":true,
      "field":"description",
      "orderEvent":false
   },
   {
      "type":"double",
      "optional":true,
      "field":"weight",
      "orderEvent":false
   },
   {
      "type":"double",
      "optional":true,
      "field":"weight-with-dash",
      "orderEvent":false
   },
   {
      "type":"string",
      "optional":true,
      "field":"kbc__operation",
      "orderEvent":false
   },
   {
      "type":"int64",
      "optional":true,
      "field":"kbc__event_timestamp",
      "orderEvent":false
   },
   {
      "type":"string",
      "optional":true,
      "field":"__deleted",
      "orderEvent":false
   },
   {
      "type":"int",
      "optional":false,
      "version":1,
      "field":"event_order",
      "orderEvent":true
   },
   {
      "type":"int",
      "optional":false,
      "version":1,
      "field":"kbc__batch_event_order",
      "orderEvent":true
   },
   {
      "type":"int64",
      "optional":true,
      "name":"org.apache.kafka.connect.data.Timestamp",
      "version":1,
      "field":"timestamp_col",
      "orderEvent":false
   }
]
