Male,New York,1,10001,SKU10,2024-01-01,Electronics,199.99000,New York,NY,NY,Electronics,c,false,0
