execute-snapshot,"{""type"": ""BLOCKING"", ""data-collections"": [""inventory.products2""]}",c,false,0
