,,"SET character_set_server=utf8mb4, collation_server=utf8mb4_0900_ai_ci",[],0
inventory,,DROP TABLE IF EXISTS `inventory`.`all_data_types`,"[{""type"":""DROP"",""id"":""\""inventory\"".\""all_data_types\"""",""table"":null}]",1
inventory,,DROP TABLE IF EXISTS `inventory`.`debezium_signals`,"[{""type"":""DROP"",""id"":""\""inventory\"".\""debezium_signals\"""",""table"":null}]",2
inventory,,DROP DATABASE IF EXISTS `inventory`,[],3
inventory,,CREATE DATABASE `inventory` CHARSET utf8mb4 COLLATE utf8mb4_0900_ai_ci,[],4
inventory,,USE `inventory`,[],5
inventory,,"CREATE TABLE `all_data_types` (
  `id` int NOT NULL AUTO_INCREMENT,
  `sample_int` int DEFAULT NULL,
  `sample_tinyint` tinyint DEFAULT NULL,
  `sample_smallint` smallint DEFAULT NULL,
  `sample_mediumint` mediumint DEFAULT NULL,
  `sample_bigint` bigint DEFAULT NULL,
  `sample_float` float DEFAULT NULL,
  `sample_double` double DEFAULT NULL,
  `sample_decimal` decimal(10,2) DEFAULT NULL,
  `sample_date` date DEFAULT NULL,
  `sample_datetime` datetime DEFAULT NULL,
  `sample_timestamp` timestamp NULL DEFAULT NULL,
  `sample_time` time DEFAULT NULL,
  `sample_year` year DEFAULT NULL,
  `sample_char` char(10) DEFAULT NULL,
  `sample_varchar` varchar(100) DEFAULT NULL,
  `sample_blob` blob,
  `sample_text` text,
  `sample_tinyblob` tinyblob,
  `sample_tinytext` tinytext,
  `sample_mediumblob` mediumblob,
  `sample_mediumtext` mediumtext,
  `sample_longblob` longblob,
  `sample_longtext` longtext,
  `sample_enum` enum('x','y','z') DEFAULT NULL,
  `sample_set` set('a','b','c') DEFAULT NULL,
  `sample_bit` bit(8) DEFAULT NULL,
  `sample_binary` binary(8) DEFAULT NULL,
  `sample_varbinary` varbinary(100) DEFAULT NULL,
  `sample_geometry` geometry DEFAULT NULL,
  `sample_boolean` tinyint(1) DEFAULT NULL,
  `sample_json` json DEFAULT NULL,
  PRIMARY KEY (`id`)
) ENGINE=InnoDB AUTO_INCREMENT=11 DEFAULT CHARSET=utf8mb4 COLLATE=utf8mb4_0900_ai_ci","[{""type"":""CREATE"",""id"":""\""inventory\"".\""all_data_types\"""",""table"":{""defaultCharsetName"":""utf8mb4"",""primaryKeyColumnNames"":[""id""],""columns"":[{""name"":""id"",""jdbcType"":4,""nativeType"":null,""typeName"":""INT"",""typeExpression"":""INT"",""charsetName"":null,""length"":null,""scale"":null,""position"":1,""optional"":false,""autoIncremented"":true,""generated"":true,""comment"":null,""defaultValueExpression"":null,""enumValues"":null},{""name"":""sample_int"",""jdbcType"":4,""nativeType"":null,""typeName"":""INT"",""typeExpression"":""INT"",""charsetName"":null,""length"":null,""scale"":null,""position"":2,""optional"":true,""autoIncremented"":false,""generated"":false,""comment"":null,""defaultValueExpression"":null,""enumValues"":null},{""name"":""sample_tinyint"",""jdbcType"":5,""nativeType"":null,""typeName"":""TINYINT"",""typeExpression"":""TINYINT"",""charsetName"":null,""length"":null,""scale"":null,""position"":3,""optional"":true,""autoIncremented"":false,""generated"":false,""comment"":null,""defaultValueExpression"":null,""enumValues"":null},{""name"":""sample_smallint"",""jdbcType"":5,""nativeType"":null,""typeName"":""SMALLINT"",""typeExpression"":""SMALLINT"",""charsetName"":null,""length"":null,""scale"":null,""position"":4,""optional"":true,""autoIncremented"":false,""generated"":false,""comment"":null,""defaultValueExpression"":null,""enumValues"":null},{""name"":""sample_mediumint"",""jdbcType"":4,""nativeType"":null,""typeName"":""MEDIUMINT"",""typeExpression"":""MEDIUMINT"",""charsetName"":null,""length"":null,""scale"":null,""position"":5,""optional"":true,""autoIncremented"":false,""generated"":false,""comment"":null,""defaultValueExpression"":null,""enumValues"":null},{""name"":""sample_bigint"",""jdbcType"":-5,""nativeType"":null,""typeName"":""BIGINT"",""typeExpression"":""BIGINT"",""charsetName"":null,""length"":null,""scale"":null,""position"":6,""optional"":true,""autoIncremented"":false,""generated"":false,""comment"":null,""defaultValueExpression"":null,""enumValues"":null},{""name"":""sample_float"",""jdbcType"":6,""nativeType"":null,""typeName"":""FLOAT"",""typeExpression"":""FLOAT"",""charsetName"":null,""length"":null,""scale"":null,""position"":7,""optional"":true,""autoIncremented"":false,""generated"":false,""comment"":null,""defaultValueExpression"":null,""enumValues"":null},{""name"":""sample_double"",""jdbcType"":8,""nativeType"":null,""typeName"":""DOUBLE"",""typeExpression"":""DOUBLE"",""charsetName"":null,""length"":null,""scale"":null,""position"":8,""optional"":true,""autoIncremented"":false,""generated"":false,""comment"":null,""defaultValueExpression"":null,""enumValues"":null},{""name"":""sample_decimal"",""jdbcType"":3,""nativeType"":null,""typeName"":""DECIMAL"",""typeExpression"":""DECIMAL"",""charsetName"":null,""length"":10,""scale"":2,""position"":9,""optional"":true,""autoIncremented"":false,""generated"":false,""comment"":null,""defaultValueExpression"":null,""enumValues"":null},{""name"":""sample_date"",""jdbcType"":91,""nativeType"":null,""typeName"":""DATE"",""typeExpression"":""DATE"",""charsetName"":null,""length"":null,""scale"":null,""position"":10,""optional"":true,""autoIncremented"":false,""generated"":false,""comment"":null,""defaultValueExpression"":null,""enumValues"":null},{""name"":""sample_datetime"",""jdbcType"":93,""nativeType"":null,""typeName"":""DATETIME"",""typeExpression"":""DATETIME"",""charsetName"":null,""length"":null,""scale"":null,""position"":11,""optional"":true,""autoIncremented"":false,""generated"":false,""comment"":null,""defaultValueExpression"":null,""enumValues"":null},{""name"":""sample_timestamp"",""jdbcType"":2014,""nativeType"":null,""typeName"":""TIMESTAMP"",""typeExpression"":""TIMESTAMP"",""charsetName"":null,""length"":null,""scale"":null,""position"":12,""optional"":true,""autoIncremented"":false,""generated"":false,""comment"":null,""defaultValueExpression"":null,""enumValues"":null},{""name"":""sample_time"",""jdbcType"":92,""nativeType"":null,""typeName"":""TIME"",""typeExpression"":""TIME"",""charsetName"":null,""length"":null,""scale"":null,""position"":13,""optional"":true,""autoIncremented"":false,""generated"":false,""comment"":null,""defaultValueExpression"":null,""enumValues"":null},{""name"":""sample_year"",""jdbcType"":4,""nativeType"":null,""typeName"":""YEAR"",""typeExpression"":""YEAR"",""charsetName"":null,""length"":null,""scale"":null,""position"":14,""optional"":true,""autoIncremented"":false,""generated"":false,""comment"":null,""defaultValueExpression"":null,""enumValues"":null},{""name"":""sample_char"",""jdbcType"":1,""nativeType"":null,""typeName"":""CHAR"",""typeExpression"":""CHAR"",""charsetName"":""utf8mb4"",""length"":10,""scale"":null,""position"":15,""optional"":true,""autoIncremented"":false,""generated"":false,""comment"":null,""defaultValueExpression"":null,""enumValues"":null},{""name"":""sample_varchar"",""jdbcType"":12,""nativeType"":null,""typeName"":""VARCHAR"",""typeExpression"":""VARCHAR"",""charsetName"":""utf8mb4"",""length"":100,""scale"":null,""position"":16,""optional"":true,""autoIncremented"":false,""generated"":false,""comment"":null,""defaultValueExpression"":null,""enumValues"":null},{""name"":""sample_blob"",""jdbcType"":2004,""nativeType"":null,""typeName"":""BLOB"",""typeExpression"":""BLOB"",""charsetName"":null,""length"":null,""scale"":null,""position"":17,""optional"":true,""autoIncremented"":false,""generated"":false,""comment"":null,""defaultValueExpression"":null,""enumValues"":null},{""name"":""sample_text"",""jdbcType"":12,""nativeType"":null,""typeName"":""TEXT"",""typeExpression"":""TEXT"",""charsetName"":""utf8mb4"",""length"":null,""scale"":null,""position"":18,""optional"":true,""autoIncremented"":false,""generated"":false,""comment"":null,""defaultValueExpression"":null,""enumValues"":null},{""name"":""sample_tinyblob"",""jdbcType"":2004,""nativeType"":null,""typeName"":""TINYBLOB"",""typeExpression"":""TINYBLOB"",""charsetName"":null,""length"":null,""scale"":null,""position"":19,""optional"":true,""autoIncremented"":false,""generated"":false,""comment"":null,""defaultValueExpression"":null,""enumValues"":null},{""name"":""sample_tinytext"",""jdbcType"":12,""nativeType"":null,""typeName"":""TINYTEXT"",""typeExpression"":""TINYTEXT"",""charsetName"":""utf8mb4"",""length"":null,""scale"":null,""position"":20,""optional"":true,""autoIncremented"":false,""generated"":false,""comment"":null,""defaultValueExpression"":null,""enumValues"":null},{""name"":""sample_mediumblob"",""jdbcType"":2004,""nativeType"":null,""typeName"":""MEDIUMBLOB"",""typeExpression"":""MEDIUMBLOB"",""charsetName"":null,""length"":null,""scale"":null,""position"":21,""optional"":true,""autoIncremented"":false,""generated"":false,""comment"":null,""defaultValueExpression"":null,""enumValues"":null},{""name"":""sample_mediumtext"",""jdbcType"":12,""nativeType"":null,""typeName"":""MEDIUMTEXT"",""typeExpression"":""MEDIUMTEXT"",""charsetName"":""utf8mb4"",""length"":null,""scale"":null,""position"":22,""optional"":true,""autoIncremented"":false,""generated"":false,""comment"":null,""defaultValueExpression"":null,""enumValues"":null},{""name"":""sample_longblob"",""jdbcType"":2004,""nativeType"":null,""typeName"":""LONGBLOB"",""typeExpression"":""LONGBLOB"",""charsetName"":null,""length"":null,""scale"":null,""position"":23,""optional"":true,""autoIncremented"":false,""generated"":false,""comment"":null,""defaultValueExpression"":null,""enumValues"":null},{""name"":""sample_longtext"",""jdbcType"":12,""nativeType"":null,""typeName"":""LONGTEXT"",""typeExpression"":""LONGTEXT"",""charsetName"":""utf8mb4"",""length"":null,""scale"":null,""position"":24,""optional"":true,""autoIncremented"":false,""generated"":false,""comment"":null,""defaultValueExpression"":null,""enumValues"":null},{""name"":""sample_enum"",""jdbcType"":1,""nativeType"":null,""typeName"":""ENUM"",""typeExpression"":""ENUM"",""charsetName"":""utf8mb4"",""length"":1,""scale"":null,""position"":25,""optional"":true,""autoIncremented"":false,""generated"":false,""comment"":null,""defaultValueExpression"":null,""enumValues"":[""'x'"",""'y'"",""'z'""]},{""name"":""sample_set"",""jdbcType"":1,""nativeType"":null,""typeName"":""SET"",""typeExpression"":""SET"",""charsetName"":""utf8mb4"",""length"":5,""scale"":null,""position"":26,""optional"":true,""autoIncremented"":false,""generated"":false,""comment"":null,""defaultValueExpression"":null,""enumValues"":[""'a'"",""'b'"",""'c'""]},{""name"":""sample_bit"",""jdbcType"":-7,""nativeType"":null,""typeName"":""BIT"",""typeExpression"":""BIT"",""charsetName"":null,""length"":8,""scale"":null,""position"":27,""optional"":true,""autoIncremented"":false,""generated"":false,""comment"":null,""defaultValueExpression"":null,""enumValues"":null},{""name"":""sample_binary"",""jdbcType"":-2,""nativeType"":null,""typeName"":""BINARY"",""typeExpression"":""BINARY"",""charsetName"":null,""length"":8,""scale"":null,""position"":28,""optional"":true,""autoIncremented"":false,""generated"":false,""comment"":null,""defaultValueExpression"":null,""enumValues"":null},{""name"":""sample_varbinary"",""jdbcType"":-3,""nativeType"":null,""typeName"":""VARBINARY"",""typeExpression"":""VARBINARY"",""charsetName"":null,""length"":100,""scale"":null,""position"":29,""optional"":true,""autoIncremented"":false,""generated"":false,""comment"":null,""defaultValueExpression"":null,""enumValues"":null},{""name"":""sample_geometry"",""jdbcType"":1111,""nativeType"":null,""typeName"":""GEOMETRY"",""typeExpression"":""GEOMETRY"",""charsetName"":null,""length"":null,""scale"":null,""position"":30,""optional"":true,""autoIncremented"":false,""generated"":false,""comment"":null,""defaultValueExpression"":null,""enumValues"":null},{""name"":""sample_boolean"",""jdbcType"":5,""nativeType"":null,""typeName"":""TINYINT"",""typeExpression"":""TINYINT"",""charsetName"":null,""length"":1,""scale"":null,""position"":31,""optional"":true,""autoIncremented"":false,""generated"":false,""comment"":null,""defaultValueExpression"":null,""enumValues"":null},{""name"":""sample_json"",""jdbcType"":1111,""nativeType"":null,""typeName"":""JSON"",""typeExpression"":""JSON"",""charsetName"":null,""length"":null,""scale"":null,""position"":32,""optional"":true,""autoIncremented"":false,""generated"":false,""comment"":null,""defaultValueExpression"":null,""enumValues"":null}],""comment"":null}}]",6
inventory,,"CREATE TABLE `debezium_signals` (
  `id` varchar(255) NOT NULL,
  `type` varchar(32) NOT NULL,
  `data` varchar(2048) DEFAULT NULL,
  PRIMARY KEY (`id`)
) ENGINE=InnoDB DEFAULT CHARSET=utf8mb4 COLLATE=utf8mb4_0900_ai_ci","[{""type"":""CREATE"",""id"":""\""inventory\"".\""debezium_signals\"""",""table"":{""defaultCharsetName"":""utf8mb4"",""primaryKeyColumnNames"":[""id""],""columns"":[{""name"":""id"",""jdbcType"":12,""nativeType"":null,""typeName"":""VARCHAR"",""typeExpression"":""VARCHAR"",""charsetName"":""utf8mb4"",""length"":255,""scale"":null,""position"":1,""optional"":false,""autoIncremented"":false,""generated"":false,""comment"":null,""defaultValueExpression"":null,""enumValues"":null},{""name"":""type"",""jdbcType"":12,""nativeType"":null,""typeName"":""VARCHAR"",""typeExpression"":""VARCHAR"",""charsetName"":""utf8mb4"",""length"":32,""scale"":null,""position"":2,""optional"":false,""autoIncremented"":false,""generated"":false,""comment"":null,""defaultValueExpression"":null,""enumValues"":null},{""name"":""data"",""jdbcType"":12,""nativeType"":null,""typeName"":""VARCHAR"",""typeExpression"":""VARCHAR"",""charsetName"":""utf8mb4"",""length"":2048,""scale"":null,""position"":3,""optional"":true,""autoIncremented"":false,""generated"":false,""comment"":null,""defaultValueExpression"":null,""enumValues"":null}],""comment"":null}}]",7
