inventory,,ALTER TABLE `inventory`.`products` DROP COLUMN `name`,"[{""type"":""ALTER"",""id"":""\""inventory\"".\""products\"""",""table"":{""defaultCharsetName"":""utf8mb4"",""primaryKeyColumnNames"":[""id""],""columns"":[{""name"":""id"",""jdbcType"":4,""nativeType"":null,""typeName"":""INT"",""typeExpression"":""INT"",""charsetName"":null,""length"":null,""scale"":null,""position"":1,""optional"":false,""autoIncremented"":true,""generated"":true,""comment"":null,""defaultValueExpression"":null,""enumValues"":null},{""name"":""description"",""jdbcType"":12,""nativeType"":null,""typeName"":""VARCHAR"",""typeExpression"":""VARCHAR"",""charsetName"":""utf8mb4"",""length"":512,""scale"":null,""position"":2,""optional"":true,""autoIncremented"":false,""generated"":false,""comment"":null,""defaultValueExpression"":null,""enumValues"":null},{""name"":""weight"",""jdbcType"":8,""nativeType"":null,""typeName"":""DOUBLE"",""typeExpression"":""DOUBLE"",""charsetName"":null,""length"":null,""scale"":null,""position"":3,""optional"":true,""autoIncremented"":false,""generated"":false,""comment"":null,""defaultValueExpression"":null,""enumValues"":null}],""comment"":null}}]",0
