1,1,2,3,4,5.00,6.00,7.0,8.0,9,10,11,12.0,a         ,b         ,c,d,e,3q2+7w==,2004-10-19 10:23:54,2004-10-19 08:23:54+00,2004-10-19,37434000,08:23:54Z,37091106000000,true,"{""x"":1.0,""y"":1.0,""wkb"":""AQEAAAAAAAAAAADwPwAAAAAAAPA/"",""srid"":null}",192.168.1.0/24,192.168.1.1,08:00:2b:01:02:03,08:00:2b:01:02:03:04:05,gAI=,gAI=,a0eebc99-9c0b-4ef8-bb6d-6bb9bd380a11,<foo>bar</foo>,"{""key"": ""value""}","{""key"": ""value""}","[1,2,3]","[1,10)",r,false,0
2,2,3,4,5,6.00,7.00,8.0,9.0,10,11,12,13.0,b         ,c         ,d,e,f,3q2+7w==,2005-11-20 11:24:55,2005-11-20 08:24:55+00,2005-11-20,41095000,08:24:55Z,71368567000000,false,"{""x"":2.0,""y"":2.0,""wkb"":""AQEAAAAAAAAAAAAAQAAAAAAAAABA"",""srid"":null}",192.168.2.0/24,192.168.2.2,08:00:2b:02:03:04,08:00:2b:02:03:04:05:06,AAM=,AAM=,b1ffbc99-9c0b-4ef8-bb6d-6bb9bd380a12,<bar>foo</bar>,"{""key1"": ""value1""}","{""key1"": ""value1""}","[2,3,4]","[2,11)",r,false,1
