{"currently_syncing": null, "last_table_schemas": {"cdc-customers_binary": [{"COLUMN_NAME": "CHARSET_COL", "ORDINAL_POSITION": 1, "COLLATION_NAME": null, "CHARACTER_SET_NAME": "utf8", "COLUMN_COMMENT": null, "COLUMN_TYPE": "varchar(255)", "COLUMN_KEY": "", "DATA_TYPE": "varchar(255)"}, {"COLUMN_NAME": "SHIPMENT_COUNT_DAILY_LIMIT", "ORDINAL_POSITION": 2, "COLLATION_NAME": null, "CHARACTER_SET_NAME": null, "COLUMN_COMMENT": null, "COLUMN_TYPE": "int(11)", "COLUMN_KEY": "", "DATA_TYPE": "int(11)"}, {"COLUMN_NAME": "ID", "ORDINAL_POSITION": 3, "COLLATION_NAME": null, "CHARACTER_SET_NAME": null, "COLUMN_COMMENT": null, "COLUMN_TYPE": "binary(255)", "COLUMN_KEY": "PRI", "DATA_TYPE": "binary(255)"}, {"COLUMN_NAME": "NAME", "ORDINAL_POSITION": 4, "COLLATION_NAME": null, "CHARACTER_SET_NAME": "latin1", "COLUMN_COMMENT": null, "COLUMN_TYPE": "varchar(255)", "COLUMN_KEY": "", "DATA_TYPE": "varchar(255)"}, {"COLUMN_NAME": "TINY_INT", "ORDINAL_POSITION": 5, "COLLATION_NAME": null, "CHARACTER_SET_NAME": null, "COLUMN_COMMENT": null, "COLUMN_TYPE": "tinyint(1)", "COLUMN_KEY": "", "DATA_TYPE": "tinyint(1)"}, {"COLUMN_NAME": "TESTDEF1", "ORDINAL_POSITION": 6, "COLLATION_NAME": null, "CHARACTER_SET_NAME": null, "COLUMN_COMMENT": null, "COLUMN_TYPE": "int(11)", "COLUMN_KEY": "", "DATA_TYPE": "int(11)"}, {"COLUMN_NAME": "TESTDEF2", "ORDINAL_POSITION": 7, "COLLATION_NAME": null, "CHARACTER_SET_NAME": null, "COLUMN_COMMENT": null, "COLUMN_TYPE": "tinyint(1)", "COLUMN_KEY": "", "DATA_TYPE": "tinyint(1)"}, {"COLUMN_NAME": "P_TYPE", "ORDINAL_POSITION": 8, "COLLATION_NAME": null, "CHARACTER_SET_NAME": "utf8", "COLUMN_COMMENT": null, "COLUMN_TYPE": "varchar(255)", "COLUMN_KEY": "", "DATA_TYPE": "varchar(255)"}, {"COLUMN_NAME": "TIME_COL", "ORDINAL_POSITION": 9, "COLLATION_NAME": null, "CHARACTER_SET_NAME": null, "COLUMN_COMMENT": null, "COLUMN_TYPE": "time", "COLUMN_KEY": "", "DATA_TYPE": "time"}, {"COLUMN_NAME": "LONGBLOB_COL", "ORDINAL_POSITION": 10, "COLLATION_NAME": null, "CHARACTER_SET_NAME": null, "COLUMN_COMMENT": null, "COLUMN_TYPE": "longblob", "COLUMN_KEY": "", "DATA_TYPE": "longblob"}, {"COLUMN_NAME": "VARBINARY_COL", "ORDINAL_POSITION": 11, "COLLATION_NAME": null, "CHARACTER_SET_NAME": null, "COLUMN_COMMENT": null, "COLUMN_TYPE": "varbinary(12)", "COLUMN_KEY": "", "DATA_TYPE": "varbinary(12)"}, {"COLUMN_NAME": "JSON_COL", "ORDINAL_POSITION": 12, "COLLATION_NAME": null, "CHARACTER_SET_NAME": null, "COLUMN_COMMENT": null, "COLUMN_TYPE": "json", "COLUMN_KEY": "", "DATA_TYPE": "json"}, {"COLUMN_NAME": "JSONB_COL", "ORDINAL_POSITION": 13, "COLLATION_NAME": null, "CHARACTER_SET_NAME": null, "COLUMN_COMMENT": null, "COLUMN_TYPE": "json", "COLUMN_KEY": "", "DATA_TYPE": "json"}]}, "storage_columns": {"cdc-customers_binary": ["CHARSET_COL", "SHIPMENT_COUNT_DAILY_LIMIT", "ID", "NAME", "TINY_INT", "TESTDEF1", "TESTDEF2", "P_TYPE", "TIME_COL", "LONGBLOB_COL", "VARBINARY_COL", "JSON_COL", "JSONB_COL", "KBC_SYNCED_AT", "KBC_DELETED_AT", "BINLOG_CHANGE_AT", "BINLOG_READ_AT", "TEST_IN"]}, "bookmarks": {"cdc-customers_binary": {"version": 1698129263880, "log_file": "mysql-bin-changelog.000048", "log_pos": 21182}}}