39153,SKU1,2013-09-23 22:38:29,Cameras,708.00000,Smith,28129,Electronics,r,false,0
89124,SKU2,2013-09-23 22:38:30,Televisions,1546.00000,Clark,32003,Electronics,r,false,1
21020,ZD111483,2013-09-23 22:38:31,Loose Stones,1262.00000,Baltimore,24005,Jewelry,r,false,2
18501,ZD111395,2013-09-23 22:38:32,Stereo,104.00000,Lackawanna,42069,Electronics,r,false,3
44127,ZD111451,2013-09-23 22:38:33,Earings,1007.00000,Cuyahoga,39035,Jewelry,r,false,4
