inventory,,CREATE DATABASE IF NOT EXISTS inventory,[],0
inventory,,DROP TABLE IF EXISTS `inventory`.`products`,"[{""type"":""DROP"",""id"":""\""inventory\"".\""products\"""",""table"":null}]",1
inventory,,"CREATE TABLE IF NOT EXISTS inventory.products
(
    id          INT AUTO_INCREMENT PRIMARY KEY,
    name        VARCHAR(255) NOT NULL,
    description VARCHAR(512),
    weight      DOUBLE
)","[{""type"":""CREATE"",""id"":""\""inventory\"".\""products\"""",""table"":{""defaultCharsetName"":""utf8mb4"",""primaryKeyColumnNames"":[""id""],""columns"":[{""name"":""id"",""jdbcType"":4,""nativeType"":null,""typeName"":""INT"",""typeExpression"":""INT"",""charsetName"":null,""length"":null,""scale"":null,""position"":1,""optional"":false,""autoIncremented"":true,""generated"":true,""comment"":null,""defaultValueExpression"":null,""enumValues"":null},{""name"":""name"",""jdbcType"":12,""nativeType"":null,""typeName"":""VARCHAR"",""typeExpression"":""VARCHAR"",""charsetName"":""utf8mb4"",""length"":255,""scale"":null,""position"":2,""optional"":false,""autoIncremented"":false,""generated"":false,""comment"":null,""defaultValueExpression"":null,""enumValues"":null},{""name"":""description"",""jdbcType"":12,""nativeType"":null,""typeName"":""VARCHAR"",""typeExpression"":""VARCHAR"",""charsetName"":""utf8mb4"",""length"":512,""scale"":null,""position"":3,""optional"":true,""autoIncremented"":false,""generated"":false,""comment"":null,""defaultValueExpression"":null,""enumValues"":null},{""name"":""weight"",""jdbcType"":8,""nativeType"":null,""typeName"":""DOUBLE"",""typeExpression"":""DOUBLE"",""charsetName"":null,""length"":null,""scale"":null,""position"":4,""optional"":true,""autoIncremented"":false,""generated"":false,""comment"":null,""defaultValueExpression"":null,""enumValues"":null}],""comment"":null}}]",2
inventory,,DROP TABLE IF EXISTS `inventory`.`products`,"[{""type"":""DROP"",""id"":""\""inventory\"".\""products\"""",""table"":null}]",3
inventory,,"CREATE TABLE `products` (
  `id` int NOT NULL AUTO_INCREMENT,
  `name` varchar(255) NOT NULL,
  `description` varchar(512) DEFAULT NULL,
  `weight` double DEFAULT NULL,
  PRIMARY KEY (`id`)
) ENGINE=InnoDB AUTO_INCREMENT=110 DEFAULT CHARSET=utf8mb4 COLLATE=utf8mb4_0900_ai_ci","[{""type"":""CREATE"",""id"":""\""inventory\"".\""products\"""",""table"":{""defaultCharsetName"":""utf8mb4"",""primaryKeyColumnNames"":[""id""],""columns"":[{""name"":""id"",""jdbcType"":4,""nativeType"":null,""typeName"":""INT"",""typeExpression"":""INT"",""charsetName"":null,""length"":null,""scale"":null,""position"":1,""optional"":false,""autoIncremented"":true,""generated"":true,""comment"":null,""defaultValueExpression"":null,""enumValues"":null},{""name"":""name"",""jdbcType"":12,""nativeType"":null,""typeName"":""VARCHAR"",""typeExpression"":""VARCHAR"",""charsetName"":""utf8mb4"",""length"":255,""scale"":null,""position"":2,""optional"":false,""autoIncremented"":false,""generated"":false,""comment"":null,""defaultValueExpression"":null,""enumValues"":null},{""name"":""description"",""jdbcType"":12,""nativeType"":null,""typeName"":""VARCHAR"",""typeExpression"":""VARCHAR"",""charsetName"":""utf8mb4"",""length"":512,""scale"":null,""position"":3,""optional"":true,""autoIncremented"":false,""generated"":false,""comment"":null,""defaultValueExpression"":null,""enumValues"":null},{""name"":""weight"",""jdbcType"":8,""nativeType"":null,""typeName"":""DOUBLE"",""typeExpression"":""DOUBLE"",""charsetName"":null,""length"":null,""scale"":null,""position"":4,""optional"":true,""autoIncremented"":false,""generated"":false,""comment"":null,""defaultValueExpression"":null,""enumValues"":null}],""comment"":null}}]",4
