,,"SET character_set_server=utf8mb4, collation_server=utf8mb4_0900_ai_ci",[],0
inventory,,DROP TABLE IF EXISTS `inventory`.`sales`,"[{""type"":""DROP"",""id"":""\""inventory\"".\""sales\"""",""table"":null}]",1
inventory,,DROP DATABASE IF EXISTS `inventory`,[],2
inventory,,CREATE DATABASE `inventory` CHARSET utf8mb4 COLLATE utf8mb4_0900_ai_ci,[],3
inventory,,USE `inventory`,[],4
inventory,,"CREATE TABLE `sales` (
  `usergender` mediumtext,
  `usercity` mediumtext,
  `usersentiment` int DEFAULT NULL,
  `zipcode` mediumtext,
  `sku` mediumtext,
  `createdate` varchar(64) NOT NULL,
  `category` mediumtext,
  `price` decimal(12,5) DEFAULT NULL,
  `county` mediumtext,
  `countycode` mediumtext,
  `userstate` mediumtext,
  `categorygroup` mediumtext,
  PRIMARY KEY (`createdate`)
) ENGINE=InnoDB DEFAULT CHARSET=utf8mb4 COLLATE=utf8mb4_0900_ai_ci","[{""type"":""CREATE"",""id"":""\""inventory\"".\""sales\"""",""table"":{""defaultCharsetName"":""utf8mb4"",""primaryKeyColumnNames"":[""createdate""],""columns"":[{""name"":""usergender"",""jdbcType"":12,""nativeType"":null,""typeName"":""MEDIUMTEXT"",""typeExpression"":""MEDIUMTEXT"",""charsetName"":""utf8mb4"",""length"":null,""scale"":null,""position"":1,""optional"":true,""autoIncremented"":false,""generated"":false,""comment"":null,""defaultValueExpression"":null,""enumValues"":null},{""name"":""usercity"",""jdbcType"":12,""nativeType"":null,""typeName"":""MEDIUMTEXT"",""typeExpression"":""MEDIUMTEXT"",""charsetName"":""utf8mb4"",""length"":null,""scale"":null,""position"":2,""optional"":true,""autoIncremented"":false,""generated"":false,""comment"":null,""defaultValueExpression"":null,""enumValues"":null},{""name"":""usersentiment"",""jdbcType"":4,""nativeType"":null,""typeName"":""INT"",""typeExpression"":""INT"",""charsetName"":null,""length"":null,""scale"":null,""position"":3,""optional"":true,""autoIncremented"":false,""generated"":false,""comment"":null,""defaultValueExpression"":null,""enumValues"":null},{""name"":""zipcode"",""jdbcType"":12,""nativeType"":null,""typeName"":""MEDIUMTEXT"",""typeExpression"":""MEDIUMTEXT"",""charsetName"":""utf8mb4"",""length"":null,""scale"":null,""position"":4,""optional"":true,""autoIncremented"":false,""generated"":false,""comment"":null,""defaultValueExpression"":null,""enumValues"":null},{""name"":""sku"",""jdbcType"":12,""nativeType"":null,""typeName"":""MEDIUMTEXT"",""typeExpression"":""MEDIUMTEXT"",""charsetName"":""utf8mb4"",""length"":null,""scale"":null,""position"":5,""optional"":true,""autoIncremented"":false,""generated"":false,""comment"":null,""defaultValueExpression"":null,""enumValues"":null},{""name"":""createdate"",""jdbcType"":12,""nativeType"":null,""typeName"":""VARCHAR"",""typeExpression"":""VARCHAR"",""charsetName"":""utf8mb4"",""length"":64,""scale"":null,""position"":6,""optional"":false,""autoIncremented"":false,""generated"":false,""comment"":null,""defaultValueExpression"":null,""enumValues"":null},{""name"":""category"",""jdbcType"":12,""nativeType"":null,""typeName"":""MEDIUMTEXT"",""typeExpression"":""MEDIUMTEXT"",""charsetName"":""utf8mb4"",""length"":null,""scale"":null,""position"":7,""optional"":true,""autoIncremented"":false,""generated"":false,""comment"":null,""defaultValueExpression"":null,""enumValues"":null},{""name"":""price"",""jdbcType"":3,""nativeType"":null,""typeName"":""DECIMAL"",""typeExpression"":""DECIMAL"",""charsetName"":null,""length"":12,""scale"":5,""position"":8,""optional"":true,""autoIncremented"":false,""generated"":false,""comment"":null,""defaultValueExpression"":null,""enumValues"":null},{""name"":""county"",""jdbcType"":12,""nativeType"":null,""typeName"":""MEDIUMTEXT"",""typeExpression"":""MEDIUMTEXT"",""charsetName"":""utf8mb4"",""length"":null,""scale"":null,""position"":9,""optional"":true,""autoIncremented"":false,""generated"":false,""comment"":null,""defaultValueExpression"":null,""enumValues"":null},{""name"":""countycode"",""jdbcType"":12,""nativeType"":null,""typeName"":""MEDIUMTEXT"",""typeExpression"":""MEDIUMTEXT"",""charsetName"":""utf8mb4"",""length"":null,""scale"":null,""position"":10,""optional"":true,""autoIncremented"":false,""generated"":false,""comment"":null,""defaultValueExpression"":null,""enumValues"":null},{""name"":""userstate"",""jdbcType"":12,""nativeType"":null,""typeName"":""MEDIUMTEXT"",""typeExpression"":""MEDIUMTEXT"",""charsetName"":""utf8mb4"",""length"":null,""scale"":null,""position"":11,""optional"":true,""autoIncremented"":false,""generated"":false,""comment"":null,""defaultValueExpression"":null,""enumValues"":null},{""name"":""categorygroup"",""jdbcType"":12,""nativeType"":null,""typeName"":""MEDIUMTEXT"",""typeExpression"":""MEDIUMTEXT"",""charsetName"":""utf8mb4"",""length"":null,""scale"":null,""position"":12,""optional"":true,""autoIncremented"":false,""generated"":false,""comment"":null,""defaultValueExpression"":null,""enumValues"":null}],""comment"":null}}]",5
